nohup: ignoring input
Visible GPUs: 8
MQPU QPUs: 8

>>> PROCESSING N_PAULIS = 59
    [Step 1] Logic update...
  Complete. Loss: -23.1031. Sampling...

>>> PROCESSING N_PAULIS = 58
    [Step 1] Logic update...
  Complete. Loss: -76.8186. Sampling...

>>> PROCESSING N_PAULIS = 57
    [Step 1] Logic update...
  Complete. Loss: -64.1899. Sampling...

>>> PROCESSING N_PAULIS = 56
    [Step 1] Logic update...
    [Step 2] Logic update...
    [Step 3] Logic update...
    [Step 4] Logic update...
  Complete. Loss: -112.1061. Sampling...

>>> PROCESSING N_PAULIS = 55
    [Step 1] Logic update...
    [Step 2] Logic update...
    [Step 3] Logic update...
  Complete. Loss: -64.2295. Sampling...

>>> PROCESSING N_PAULIS = 54
    [Step 1] Logic update...
  Complete. Loss: -96.6817. Sampling...

>>> PROCESSING N_PAULIS = 53
    [Step 1] Logic update...
    [Step 2] Logic update...
    [Step 3] Logic update...
    [Step 4] Logic update...
  Complete. Loss: -110.7579. Sampling...

>>> PROCESSING N_PAULIS = 52
    [Step 1] Logic update...
    [Step 2] Logic update...
    [Step 3] Logic update...
  Complete. Loss: -103.7648. Sampling...

>>> PROCESSING N_PAULIS = 51
  Complete. Loss: -114.3632. Sampling...

>>> PROCESSING N_PAULIS = 50
  Complete. Loss: -108.1465. Sampling...

>>> PROCESSING N_PAULIS = 49
  Complete. Loss: -101.8129. Sampling...

>>> PROCESSING N_PAULIS = 48
  Complete. Loss: -102.3958. Sampling...

>>> PROCESSING N_PAULIS = 47
    [Step 1] Logic update...
    [Step 2] Logic update...
    [Step 3] Logic update...
  Complete. Loss: -116.8305. Sampling...

>>> PROCESSING N_PAULIS = 46
  Complete. Loss: -106.1793. Sampling...

>>> PROCESSING N_PAULIS = 45
    [Step 1] Logic update...
    [Step 2] Logic update...
    [Step 3] Logic update...
  Complete. Loss: -117.0615. Sampling...

>>> PROCESSING N_PAULIS = 44
    [Step 1] Logic update...
  Complete. Loss: -110.8245. Sampling...

>>> PROCESSING N_PAULIS = 43
  Complete. Loss: -116.9892. Sampling...

>>> PROCESSING N_PAULIS = 42
    [Step 1] Logic update...
  Complete. Loss: -117.6209. Sampling...

>>> PROCESSING N_PAULIS = 41
  Complete. Loss: -115.3453. Sampling...

>>> PROCESSING N_PAULIS = 40
  Complete. Loss: -115.4964. Sampling...

>>> PROCESSING N_PAULIS = 39
    [Step 1] Logic update...
    [Step 2] Logic update...
  Complete. Loss: -117.0195. Sampling...

>>> PROCESSING N_PAULIS = 38
    [Step 1] Logic update...
